// Jest Snapshot v1, https://goo.gl/fbAQLP

exports[`<LeftCard/> 1`] = `
<div
  class="leftCard"
>
  <div
    class="leftCard__content"
  >
    <p
      class="detail-highlight"
    >
      Actors
    </p>
    <p
      class="leftCard__detail"
    >
      Tyrone Power
    </p>
    <p
      class="leftCard__detail"
    >
      Alice Faye
    </p>
    <p
      class="leftCard__detail"
    >
      Don Ameche
    </p>
  </div>
  <div
    class="leftCard__content"
  >
    <p
      class="detail-highlight"
    >
      Director
    </p>
    <p
      class="leftCard__detail"
    >
      Henry King
    </p>
  </div>
  <div
    class="leftCard__content"
  >
    <p
      class="detail-highlight"
    >
      Writer
      
    </p>
    <p
      class="leftCard__detail"
    >
      Kathryn Scola
    </p>
     
  </div>
</div>
`;
