// Jest Snapshot v1, https://goo.gl/fbAQLP

exports[`renders 1`] = `
<DocumentFragment>
  <div
    class="search"
  >
    <div
      class="search__search-bar"
    >
      <input
        placeholder="search for movie..."
        type="text"
        value=""
      />
    </div>
    <div
      class="search__buttons"
    >
      <button
        class="search__button button"
        type="button"
      >
        Search
      </button>
      <button
        class="search__button button"
        type="button"
      >
        Reset
      </button>
    </div>
  </div>
</DocumentFragment>
`;
