// Jest Snapshot v1, https://goo.gl/fbAQLP

exports[`renders 1`] = `
<DocumentFragment>
  <div
    class="rightCard"
  >
    <p
      class="detail-highlight"
    >
      Locations
    </p>
    <ul>
      <li
        class="rightCard__detail"
      >
        Cliff House (1090 Point Lobos Avenue)
      </li>
      <li
        class="rightCard__detail"
      >
        The Walden House, Buena Vista Park
      </li>
    </ul>
  </div>
</DocumentFragment>
`;
