// Jest Snapshot v1, https://goo.gl/fbAQLP

exports[`renders 1`] = `
<DocumentFragment>
  <div
    class="rightCard"
  >
    <p
      class="detail-highlight"
    >
      Locations
    </p>
    <ul>
      <li
        class="rightCard__detail"
      >
        <div>
          1. Cliff House (1090 Point Lobos Avenue)
        </div>
      </li>
      <li
        class="rightCard__detail"
      >
        <div>
          2. The Walden House, Buena Vista Park
        </div>
      </li>
    </ul>
  </div>
</DocumentFragment>
`;
